src/components/home/Footer.tsx(4,15): error TS2305: Module '"lucide-react"' has no exported member 'Twitter'.
src/components/home/Footer.tsx(4,24): error TS2305: Module '"lucide-react"' has no exported member 'Github'.
src/components/home/Footer.tsx(4,32): error TS2305: Module '"lucide-react"' has no exported member 'Linkedin'.
src/components/home/StatsSection.tsx(26,45): error TS2322: Type '{ value: number; decimals: number; }' is not assignable to type 'IntrinsicAttributes & { value: number; duration?: number | undefined; prefix?: string | undefined; suffix?: string | undefined; }'.
  Property 'decimals' does not exist on type 'IntrinsicAttributes & { value: number; duration?: number | undefined; prefix?: string | undefined; suffix?: string | undefined; }'.
src/components/ui/avatar.tsx(4,43): error TS2307: Cannot find module '@base-ui/react/avatar' or its corresponding type declarations.
src/components/ui/badge.tsx(1,28): error TS2307: Cannot find module '@base-ui/react/merge-props' or its corresponding type declarations.
src/components/ui/badge.tsx(2,27): error TS2307: Cannot find module '@base-ui/react/use-render' or its corresponding type declarations.
src/components/ui/button.tsx(1,43): error TS2307: Cannot find module '@base-ui/react/button' or its corresponding type declarations.
src/components/ui/checkbox.tsx(3,47): error TS2307: Cannot find module '@base-ui/react/checkbox' or its corresponding type declarations.
src/components/ui/dialog.tsx(4,43): error TS2307: Cannot find module '@base-ui/react/dialog' or its corresponding type declarations.
src/components/ui/dropdown-menu.tsx(4,39): error TS2307: Cannot find module '@base-ui/react/menu' or its corresponding type declarations.
src/components/ui/input.tsx(2,41): error TS2307: Cannot find module '@base-ui/react/input' or its corresponding type declarations.
src/components/ui/progress.tsx(3,47): error TS2307: Cannot find module '@base-ui/react/progress' or its corresponding type declarations.
src/components/ui/select.tsx(4,43): error TS2307: Cannot find module '@base-ui/react/select' or its corresponding type declarations.
src/components/ui/separator.tsx(3,49): error TS2307: Cannot find module '@base-ui/react/separator' or its corresponding type declarations.
src/components/ui/sheet.tsx(4,42): error TS2307: Cannot find module '@base-ui/react/dialog' or its corresponding type declarations.
src/components/ui/slider.tsx(1,43): error TS2307: Cannot find module '@base-ui/react/slider' or its corresponding type declarations.
src/components/ui/switch.tsx(3,43): error TS2307: Cannot find module '@base-ui/react/switch' or its corresponding type declarations.
src/components/ui/tabs.tsx(3,39): error TS2307: Cannot find module '@base-ui/react/tabs' or its corresponding type declarations.
src/components/ui/tooltip.tsx(3,45): error TS2307: Cannot find module '@base-ui/react/tooltip' or its corresponding type declarations.
